// Jest Snapshot v1, https://goo.gl/fbAQLP

exports[`Pruebas en el TheNavbar component Debe de mostrar el componente correctamente 1`] = `
<nav class="navbar bg-primary"><a class="navbar-brand text-white"><img src="" alt="Vue Logo" height="24" class="d-inline-block align-text-top mx-2"> Juan Carlos</a>
  <div class="d-flex"><button class="btn btn-outline-info"><i class="fa fa-sign-out-alt"></i></button></div>
</nav>
`;
